2026-08-26 13:09:27,496 [INFO] 🚀 Starting routed extraction pipeline for 'final_nlp_paper.pdf'...
2026-08-26 13:09:27,552 [INFO] Routing 'final_nlp_paper.pdf' to PyMuPDF text & section parser.
2026-08-26 13:09:27,567 [INFO] Extracting blocks from PDF 'final_nlp_paper.pdf' using two_column layout...
2026-08-26 13:09:31,141 [INFO] Detecting sections for paper: 'Medi-Assist AI: A Multilingual Medical Chatbot'...
2026-08-26 13:09:31,141 [INFO] Section pruning triggered by header: 'REFERENCES'
2026-08-26 13:09:31,141 [INFO] Checking GROBID server availability at http://localhost:8070...
2026-08-26 13:09:31,331 [INFO] GROBID is active. Routing 'final_nlp_paper.pdf' to GROBID.
2026-08-26 13:09:31,331 [INFO] Sending document 'final_nlp_paper.pdf' to GROBID API: http://localhost:8070/api/processFulltextDocument...
2026-08-26 13:09:41,633 [INFO] [FINISH] Finished routed extraction for 'final_nlp_paper.pdf'. Selected: ['pymupdf', 'grobid']
2026-08-26 13:09:41,634 [INFO] Merging extraction outputs for 'final_nlp_paper.pdf' into canonical PaperDocument...
2026-08-26 13:35:07,443 [INFO] 🚀 Starting routed extraction pipeline for 'final_survey_paper.pdf'...
2026-08-26 13:35:07,498 [INFO] Routing 'final_survey_paper.pdf' to PyMuPDF text & section parser.
2026-08-26 13:35:07,514 [INFO] Extracting blocks from PDF 'final_survey_paper.pdf' using two_column layout...
2026-08-26 13:35:10,969 [INFO] Detecting sections for paper: 'From Architectural Evolution to Foundation Driven'...
2026-08-26 13:35:10,969 [INFO] Section pruning triggered by header: 'REFERENCES'
2026-08-26 13:35:10,970 [INFO] Checking GROBID server availability at http://localhost:8070...
2026-08-26 13:35:10,994 [INFO] GROBID is active. Routing 'final_survey_paper.pdf' to GROBID.
2026-08-26 13:35:10,994 [INFO] Sending document 'final_survey_paper.pdf' to GROBID API: http://localhost:8070/api/processFulltextDocument...
2026-08-26 13:35:13,499 [INFO] [FINISH] Finished routed extraction for 'final_survey_paper.pdf'. Selected: ['pymupdf', 'grobid']
2026-08-26 13:35:13,500 [INFO] Merging extraction outputs for 'final_survey_paper.pdf' into canonical PaperDocument...
2026-08-26 14:30:25,666 [INFO] 🚀 Starting routed extraction pipeline for 'final_survey_paper.pdf'...
2026-08-26 14:30:25,728 [INFO] Routing 'final_survey_paper.pdf' to PyMuPDF text & section parser.
2026-08-26 14:30:25,746 [INFO] Extracting blocks from PDF 'final_survey_paper.pdf' using two_column layout...
2026-08-26 14:30:29,342 [INFO] Detecting sections for paper: 'From Architectural Evolution to Foundation Driven'...
2026-08-26 14:30:29,343 [INFO] Section pruning triggered by header: 'REFERENCES'
2026-08-26 14:30:29,343 [INFO] Checking GROBID server availability at http://localhost:8070...
2026-08-26 14:30:29,428 [INFO] GROBID is active. Routing 'final_survey_paper.pdf' to GROBID.
2026-08-26 14:30:29,428 [INFO] Sending document 'final_survey_paper.pdf' to GROBID API: http://localhost:8070/api/processFulltextDocument...
2026-08-26 14:30:33,130 [INFO] [FINISH] Finished routed extraction for 'final_survey_paper.pdf'. Selected: ['pymupdf', 'grobid']
2026-08-26 14:30:33,131 [INFO] Merging extraction outputs for 'final_survey_paper.pdf' into canonical PaperDocument...
2026-08-26 14:40:48,586 [INFO] 🚀 Starting routed extraction pipeline for 'final_nlp_paper.pdf'...
2026-08-26 14:40:48,644 [INFO] Routing 'final_nlp_paper.pdf' to PyMuPDF text & section parser.
2026-08-26 14:40:48,660 [INFO] Extracting blocks from PDF 'final_nlp_paper.pdf' using two_column layout...
2026-08-26 14:40:52,319 [INFO] Detecting sections for paper: 'Medi-Assist AI: A Multilingual Medical Chatbot'...
2026-08-26 14:40:52,320 [INFO] Section pruning triggered by header: 'REFERENCES'
2026-08-26 14:40:52,320 [INFO] Checking GROBID server availability at http://localhost:8070...
2026-08-26 14:40:52,344 [INFO] GROBID is active. Routing 'final_nlp_paper.pdf' to GROBID.
2026-08-26 14:40:52,344 [INFO] Sending document 'final_nlp_paper.pdf' to GROBID API: http://localhost:8070/api/processFulltextDocument...
2026-08-26 14:40:54,315 [INFO] [FINISH] Finished routed extraction for 'final_nlp_paper.pdf'. Selected: ['pymupdf', 'grobid']
2026-08-26 14:40:54,316 [INFO] Merging extraction outputs for 'final_nlp_paper.pdf' into canonical PaperDocument...
2026-08-26 17:48:46,720 [INFO] [OBSERVABILITY] {"event_type": "extraction_started", "timestamp": 1787746726.7207866, "paper_id": "paper_b36658cb", "job_id": "job_d94a5db7", "metadata": {}}
2026-08-26 17:49:12,387 [INFO] 🚀 Starting routed extraction pipeline for 'paper_b36658cb.pdf'...
2026-08-26 17:49:12,483 [INFO] Routing 'paper_b36658cb.pdf' to PyMuPDF text & section parser.
2026-08-26 17:49:12,513 [INFO] Extracting blocks from PDF 'paper_b36658cb.pdf' using two_column layout...
2026-08-26 17:49:18,441 [INFO] Detecting sections for paper: 'From Architectural Evolution to Foundation Driven'...
2026-08-26 17:49:18,443 [INFO] Section pruning triggered by header: 'REFERENCES'
2026-08-26 17:49:18,443 [INFO] Checking GROBID server availability at http://localhost:8070...
2026-08-26 17:49:18,522 [INFO] GROBID is active. Routing 'paper_b36658cb.pdf' to GROBID.
2026-08-26 17:49:18,522 [INFO] Sending document 'paper_b36658cb.pdf' to GROBID API: http://localhost:8070/api/processFulltextDocument...
2026-08-26 17:49:22,780 [INFO] [FINISH] Finished routed extraction for 'paper_b36658cb.pdf'. Selected: ['pymupdf', 'grobid']
2026-08-26 17:49:22,781 [INFO] Merging extraction outputs for 'paper_b36658cb.pdf' into canonical PaperDocument...
2026-08-26 17:49:43,358 [INFO] [OBSERVABILITY] {"event_type": "extraction_failed", "timestamp": 1787746783.3580937, "paper_id": "paper_b36658cb", "job_id": "job_d94a5db7", "latency_ms": 56637.3085975647, "errors": "'ProjectParameter' object has no attribute 'rationale'", "metadata": {}}
2026-08-26 18:00:01,046 [INFO] [OBSERVABILITY] {"event_type": "extraction_started", "timestamp": 1787747401.0464983, "paper_id": "paper_ee9e4034", "job_id": "job_111f4e83", "metadata": {}}
2026-08-26 18:00:01,048 [INFO] 🚀 Starting routed extraction pipeline for 'paper_ee9e4034.pdf'...
2026-08-26 18:00:01,124 [INFO] Routing 'paper_ee9e4034.pdf' to PyMuPDF text & section parser.
2026-08-26 18:00:01,160 [INFO] Extracting blocks from PDF 'paper_ee9e4034.pdf' using two_column layout...
2026-08-26 18:00:06,655 [INFO] Detecting sections for paper: 'From Architectural Evolution to Foundation Driven'...
2026-08-26 18:00:06,657 [INFO] Section pruning triggered by header: 'REFERENCES'
2026-08-26 18:00:06,657 [INFO] Checking GROBID server availability at http://localhost:8070...
2026-08-26 18:00:06,672 [INFO] GROBID is active. Routing 'paper_ee9e4034.pdf' to GROBID.
2026-08-26 18:00:06,672 [INFO] Sending document 'paper_ee9e4034.pdf' to GROBID API: http://localhost:8070/api/processFulltextDocument...
2026-08-26 18:00:08,942 [INFO] [FINISH] Finished routed extraction for 'paper_ee9e4034.pdf'. Selected: ['pymupdf', 'grobid']
2026-08-26 18:00:08,943 [INFO] Merging extraction outputs for 'paper_ee9e4034.pdf' into canonical PaperDocument...
2026-08-26 18:00:22,449 [INFO] [OBSERVABILITY] {"event_type": "extraction_failed", "timestamp": 1787747422.4499075, "paper_id": "paper_ee9e4034", "job_id": "job_111f4e83", "latency_ms": 21403.411626815796, "errors": "'ProjectParameter' object has no attribute 'rationale'", "metadata": {}}
2026-08-26 18:04:58,931 [INFO] [OBSERVABILITY] {"event_type": "extraction_started", "timestamp": 1787747698.9311044, "paper_id": "paper_5aa4bad9", "job_id": "job_2b8777a0", "metadata": {}}
2026-08-26 18:04:58,936 [INFO] 🚀 Starting routed extraction pipeline for 'paper_5aa4bad9.pdf'...
2026-08-26 18:04:59,024 [INFO] Routing 'paper_5aa4bad9.pdf' to PyMuPDF text & section parser.
2026-08-26 18:04:59,054 [INFO] Extracting blocks from PDF 'paper_5aa4bad9.pdf' using two_column layout...
2026-08-26 18:05:04,346 [INFO] Detecting sections for paper: 'From Architectural Evolution to Foundation Driven'...
2026-08-26 18:05:04,348 [INFO] Section pruning triggered by header: 'REFERENCES'
2026-08-26 18:05:04,348 [INFO] Checking GROBID server availability at http://localhost:8070...
2026-08-26 18:05:04,358 [INFO] GROBID is active. Routing 'paper_5aa4bad9.pdf' to GROBID.
2026-08-26 18:05:04,358 [INFO] Sending document 'paper_5aa4bad9.pdf' to GROBID API: http://localhost:8070/api/processFulltextDocument...
2026-08-26 18:05:06,221 [INFO] [FINISH] Finished routed extraction for 'paper_5aa4bad9.pdf'. Selected: ['pymupdf', 'grobid']
2026-08-26 18:05:06,222 [INFO] Merging extraction outputs for 'paper_5aa4bad9.pdf' into canonical PaperDocument...
2026-08-26 18:05:15,018 [INFO] [OBSERVABILITY] {"event_type": "extraction_failed", "timestamp": 1787747715.0182493, "paper_id": "paper_5aa4bad9", "job_id": "job_2b8777a0", "latency_ms": 16087.145566940308, "errors": "'ProjectParameter' object has no attribute 'rationale'", "metadata": {}}
2026-08-26 18:09:33,507 [INFO] [OBSERVABILITY] {"event_type": "extraction_started", "timestamp": 1787747973.5070198, "paper_id": "paper_7b593afc", "job_id": "job_8381ec50", "metadata": {}}
2026-08-26 18:09:33,514 [INFO] 🚀 Starting routed extraction pipeline for 'paper_7b593afc.pdf'...
2026-08-26 18:09:33,596 [INFO] Routing 'paper_7b593afc.pdf' to PyMuPDF text & section parser.
2026-08-26 18:09:33,628 [INFO] Extracting blocks from PDF 'paper_7b593afc.pdf' using two_column layout...
2026-08-26 18:09:38,956 [INFO] Detecting sections for paper: 'From Architectural Evolution to Foundation Driven'...
2026-08-26 18:09:38,957 [INFO] Section pruning triggered by header: 'REFERENCES'
2026-08-26 18:09:38,957 [INFO] Checking GROBID server availability at http://localhost:8070...
2026-08-26 18:09:38,967 [INFO] GROBID is active. Routing 'paper_7b593afc.pdf' to GROBID.
2026-08-26 18:09:38,967 [INFO] Sending document 'paper_7b593afc.pdf' to GROBID API: http://localhost:8070/api/processFulltextDocument...
2026-08-26 18:09:40,890 [INFO] [FINISH] Finished routed extraction for 'paper_7b593afc.pdf'. Selected: ['pymupdf', 'grobid']
2026-08-26 18:09:40,891 [INFO] Merging extraction outputs for 'paper_7b593afc.pdf' into canonical PaperDocument...
2026-08-26 18:09:49,814 [INFO] [OBSERVABILITY] {"event_type": "extraction_failed", "timestamp": 1787747989.814586, "paper_id": "paper_7b593afc", "job_id": "job_8381ec50", "latency_ms": 16307.568073272705, "errors": "'ProjectParameter' object has no attribute 'rationale'", "metadata": {}}
2026-08-26 18:18:02,212 [INFO] [OBSERVABILITY] {"event_type": "extraction_started", "timestamp": 1787748482.2126546, "paper_id": "paper_397d0bd5", "job_id": "job_2c20f9dc", "metadata": {}}
2026-08-26 18:18:02,214 [INFO] 🚀 Starting routed extraction pipeline for 'paper_397d0bd5.pdf'...
2026-08-26 18:18:02,286 [INFO] Routing 'paper_397d0bd5.pdf' to PyMuPDF text & section parser.
2026-08-26 18:18:02,316 [INFO] Extracting blocks from PDF 'paper_397d0bd5.pdf' using two_column layout...
2026-08-26 18:18:07,921 [INFO] Detecting sections for paper: 'From Architectural Evolution to Foundation Driven'...
2026-08-26 18:18:07,922 [INFO] Section pruning triggered by header: 'REFERENCES'
2026-08-26 18:18:07,922 [INFO] Checking GROBID server availability at http://localhost:8070...
2026-08-26 18:18:07,938 [INFO] GROBID is active. Routing 'paper_397d0bd5.pdf' to GROBID.
2026-08-26 18:18:07,939 [INFO] Sending document 'paper_397d0bd5.pdf' to GROBID API: http://localhost:8070/api/processFulltextDocument...
2026-08-26 18:18:10,027 [INFO] [FINISH] Finished routed extraction for 'paper_397d0bd5.pdf'. Selected: ['pymupdf', 'grobid']
2026-08-26 18:18:10,028 [INFO] Merging extraction outputs for 'paper_397d0bd5.pdf' into canonical PaperDocument...
2026-08-26 18:18:24,251 [INFO] [OBSERVABILITY] {"event_type": "extraction_failed", "timestamp": 1787748504.251425, "paper_id": "paper_397d0bd5", "job_id": "job_2c20f9dc", "latency_ms": 22038.772344589233, "errors": "'ProjectParameter' object has no attribute 'rationale'", "metadata": {}}
